config_hash=e6ec2ffdc948  135 runs to do (arms C)
[1/135] monthly_revenue_by_location__CONTROL__C__r2                            caught=False layer=none pre_exec=False recon=40/40 64.82s
[2/135] monthly_revenue_by_location__CONTROL__C__r1                            caught=False layer=none pre_exec=False recon=33/33 91.93s
[3/135] monthly_revenue_by_location__CONTROL__C__r3                            caught=False layer=none pre_exec=False recon=31/31 101.93s
[4/135] daily_order_counts__CONTROL__C__r1                                     caught=False layer=none pre_exec=False recon=40/40 113.68s
[5/135] daily_order_counts__CONTROL__C__r2                                     caught=False layer=none pre_exec=False recon=38/38 104.26s
[6/135] monthly_active_customers__CONTROL__C__r1                               caught=False layer=none pre_exec=False recon=30/30 105.75s
[7/135] monthly_active_customers__CONTROL__C__r2                               caught=False layer=none pre_exec=False recon=29/29 106.69s
[8/135] daily_order_counts__CONTROL__C__r3                                     caught=False layer=none pre_exec=False recon=39/39 148.34s
[9/135] monthly_active_customers__CONTROL__C__r3                               caught=False layer=none pre_exec=False recon=29/29 81.54s
[10/135] customer_lifetime_value__CONTROL__C__r1                                caught=False layer=none pre_exec=False recon=37/37 124.64s
[11/135] customer_lifetime_value__CONTROL__C__r3                                caught=False layer=none pre_exec=False recon=39/39 112.27s
[12/135] customer_lifetime_value__CONTROL__C__r2                                caught=False layer=none pre_exec=False recon=40/40 144.26s
[13/135] product_margin_monthly__CONTROL__C__r1                                 caught=False layer=none pre_exec=False recon=40/40 122.57s
[14/135] product_margin_monthly__CONTROL__C__r2                                 caught=False layer=none pre_exec=False recon=40/40 92.99s
[15/135] new_vs_returning_customers_monthly__CONTROL__C__r1                     caught=False layer=none pre_exec=False recon=40/40 65.72s
[16/135] monthly_revenue_by_location__F-REF__C__r1                              caught=True  layer=L1   pre_exec=True  recon=0/0 0.62s
[17/135] monthly_revenue_by_location__F-REF__C__r2                              caught=True  layer=L1   pre_exec=True  recon=0/0 0.46s
[18/135] monthly_revenue_by_location__F-REF__C__r3                              caught=True  layer=L1   pre_exec=True  recon=0/0 0.37s
[19/135] daily_order_counts__F-REF__C__r1                                       caught=True  layer=L1   pre_exec=True  recon=0/0 0.45s
[20/135] daily_order_counts__F-REF__C__r2                                       caught=True  layer=L1   pre_exec=True  recon=0/0 0.36s
[21/135] daily_order_counts__F-REF__C__r3                                       caught=True  layer=L1   pre_exec=True  recon=0/0 0.56s
[22/135] monthly_active_customers__F-REF__C__r1                                 caught=True  layer=L1   pre_exec=True  recon=0/0 0.45s
[23/135] monthly_active_customers__F-REF__C__r2                                 caught=True  layer=L1   pre_exec=True  recon=0/0 0.36s
[24/135] monthly_active_customers__F-REF__C__r3                                 caught=True  layer=L1   pre_exec=True  recon=0/0 0.58s
[25/135] customer_lifetime_value__F-REF__C__r1                                  caught=True  layer=L1   pre_exec=True  recon=0/0 0.38s
[26/135] customer_lifetime_value__F-REF__C__r2                                  caught=True  layer=L1   pre_exec=True  recon=0/0 0.45s
[27/135] new_vs_returning_customers_monthly__CONTROL__C__r2 FAILED: ValueError: could not convert string to float: '2024-09-01'
Traceback (most recent call last):
  File "/Users/alexnoonan/code/validation-eval/harness/run_all.py", line 85, in main
    row = fut.result()["row"]
          ^^^^^^^^^^^^
  File "/Users/alexnoonan/.local/share/uv/python/cpython-3.12.13-macos-aarch64-none/lib/python3.12/concurrent/futures/_base.py", line 449, in result
    return self.__get_result()
           ^^^^^^^^^^^^^^^^^^^
ValueError: could not convert string to float: '2024-09-01'
[28/135] customer_lifetime_value__F-REF__C__r3                                  caught=True  layer=L1   pre_exec=True  recon=0/0 0.52s
[29/135] product_margin_monthly__F-REF__C__r1                                   caught=True  layer=L1   pre_exec=True  recon=0/0 0.57s
[30/135] product_margin_monthly__F-REF__C__r2                                   caught=True  layer=L1   pre_exec=True  recon=0/0 0.62s
[31/135] product_margin_monthly__F-REF__C__r3                                   caught=True  layer=L1   pre_exec=True  recon=0/0 0.67s
[32/135] new_vs_returning_customers_monthly__F-REF__C__r1                       caught=True  layer=L1   pre_exec=True  recon=0/0 0.61s
[33/135] new_vs_returning_customers_monthly__F-REF__C__r2                       caught=True  layer=L1   pre_exec=True  recon=0/0 0.63s
[34/135] new_vs_returning_customers_monthly__F-REF__C__r3                       caught=True  layer=L1   pre_exec=True  recon=0/0 0.65s
[35/135] monthly_revenue_by_location__F-TYPE__C__r1                             caught=True  layer=L1   pre_exec=True  recon=0/0 0.67s
[36/135] monthly_revenue_by_location__F-TYPE__C__r2                             caught=True  layer=L1   pre_exec=True  recon=0/0 0.65s
[37/135] monthly_revenue_by_location__F-TYPE__C__r3                             caught=True  layer=L1   pre_exec=True  recon=0/0 0.69s
[38/135] daily_order_counts__F-TYPE__C__r1                                      caught=True  layer=L1   pre_exec=True  recon=0/0 0.55s
[39/135] daily_order_counts__F-TYPE__C__r2                                      caught=True  layer=L1   pre_exec=True  recon=0/0 0.72s
[40/135] daily_order_counts__F-TYPE__C__r3                                      caught=True  layer=L1   pre_exec=True  recon=0/0 0.62s
[41/135] monthly_active_customers__F-TYPE__C__r1                                caught=True  layer=L1   pre_exec=True  recon=0/0 0.67s
[42/135] monthly_active_customers__F-TYPE__C__r2                                caught=True  layer=L1   pre_exec=True  recon=0/0 0.54s
[43/135] monthly_active_customers__F-TYPE__C__r3                                caught=True  layer=L1   pre_exec=True  recon=0/0 0.72s
[44/135] customer_lifetime_value__F-TYPE__C__r1                                 caught=True  layer=L1   pre_exec=True  recon=0/0 0.61s
[45/135] customer_lifetime_value__F-TYPE__C__r2                                 caught=True  layer=L1   pre_exec=True  recon=0/0 0.68s
[46/135] customer_lifetime_value__F-TYPE__C__r3                                 caught=True  layer=L1   pre_exec=True  recon=0/0 0.64s
[47/135] product_margin_monthly__F-TYPE__C__r1                                  caught=True  layer=L1   pre_exec=True  recon=0/0 0.7s
[48/135] product_margin_monthly__F-TYPE__C__r2                                  caught=True  layer=L1   pre_exec=True  recon=0/0 0.59s
[49/135] product_margin_monthly__F-TYPE__C__r3                                  caught=True  layer=L1   pre_exec=True  recon=0/0 0.69s
[50/135] new_vs_returning_customers_monthly__F-TYPE__C__r1                      caught=True  layer=L1   pre_exec=False recon=0/0 2.52s
[51/135] new_vs_returning_customers_monthly__F-TYPE__C__r2                      caught=True  layer=L1   pre_exec=False recon=0/0 2.6s
[52/135] monthly_revenue_by_location__F-CONTRACT__C__r1                         caught=True  layer=L1   pre_exec=False recon=0/0 1.66s
[53/135] new_vs_returning_customers_monthly__F-TYPE__C__r3                      caught=True  layer=L1   pre_exec=False recon=0/0 2.95s
[54/135] monthly_revenue_by_location__F-CONTRACT__C__r2                         caught=True  layer=L1   pre_exec=False recon=0/0 1.68s
[55/135] monthly_revenue_by_location__F-CONTRACT__C__r3                         caught=True  layer=L1   pre_exec=False recon=0/0 1.65s
[56/135] daily_order_counts__F-CONTRACT__C__r1                                  caught=True  layer=L1   pre_exec=False recon=0/0 1.7s
[57/135] daily_order_counts__F-CONTRACT__C__r2                                  caught=True  layer=L1   pre_exec=False recon=0/0 1.65s
[58/135] daily_order_counts__F-CONTRACT__C__r3                                  caught=True  layer=L1   pre_exec=False recon=0/0 1.72s
[59/135] monthly_active_customers__F-CONTRACT__C__r1                            caught=True  layer=L1   pre_exec=False recon=0/0 1.76s
[60/135] monthly_active_customers__F-CONTRACT__C__r2                            caught=True  layer=L1   pre_exec=False recon=0/0 1.89s
[61/135] monthly_active_customers__F-CONTRACT__C__r3                            caught=True  layer=L1   pre_exec=False recon=0/0 1.9s
[62/135] customer_lifetime_value__F-CONTRACT__C__r1                             caught=True  layer=L1   pre_exec=False recon=0/0 1.98s
[63/135] customer_lifetime_value__F-CONTRACT__C__r2                             caught=True  layer=L1   pre_exec=False recon=0/0 1.96s
[64/135] customer_lifetime_value__F-CONTRACT__C__r3                             caught=True  layer=L1   pre_exec=False recon=0/0 1.71s
[65/135] product_margin_monthly__F-CONTRACT__C__r1                              caught=True  layer=L1   pre_exec=False recon=0/0 1.71s
[66/135] product_margin_monthly__F-CONTRACT__C__r2                              caught=True  layer=L1   pre_exec=False recon=0/0 1.91s
[67/135] product_margin_monthly__F-CONTRACT__C__r3                              caught=True  layer=L1   pre_exec=False recon=0/0 1.83s
[68/135] product_margin_monthly__CONTROL__C__r3                                 caught=False layer=none pre_exec=False recon=40/40 123.85s
[69/135] new_vs_returning_customers_monthly__F-CONTRACT__C__r1                  caught=True  layer=L1   pre_exec=False recon=0/0 2.36s
[70/135] new_vs_returning_customers_monthly__F-CONTRACT__C__r2                  caught=True  layer=L1   pre_exec=False recon=0/0 2.43s
[71/135] new_vs_returning_customers_monthly__F-CONTRACT__C__r3                  caught=True  layer=L1   pre_exec=False recon=0/0 2.16s
[72/135] monthly_revenue_by_location__F-DUPKEY__C__r1                           caught=True  layer=L2   pre_exec=False recon=0/0 2.38s
[73/135] monthly_revenue_by_location__F-DUPKEY__C__r2                           caught=True  layer=L2   pre_exec=False recon=0/0 2.18s
[74/135] monthly_revenue_by_location__F-DUPKEY__C__r3                           caught=True  layer=L2   pre_exec=False recon=0/0 2.13s
[75/135] daily_order_counts__F-DUPKEY__C__r1                                    caught=True  layer=L2   pre_exec=False recon=0/0 2.32s
[76/135] daily_order_counts__F-DUPKEY__C__r2                                    caught=True  layer=L2   pre_exec=False recon=0/0 2.73s
[77/135] daily_order_counts__F-DUPKEY__C__r3                                    caught=True  layer=L2   pre_exec=False recon=0/0 2.8s
[78/135] monthly_active_customers__F-DUPKEY__C__r1                              caught=True  layer=L2   pre_exec=False recon=0/0 2.17s
[79/135] monthly_active_customers__F-DUPKEY__C__r2                              caught=True  layer=L2   pre_exec=False recon=0/0 2.14s
[80/135] monthly_active_customers__F-DUPKEY__C__r3                              caught=True  layer=L2   pre_exec=False recon=0/0 2.14s
[81/135] customer_lifetime_value__F-DUPKEY__C__r1                               caught=True  layer=L2   pre_exec=False recon=0/0 2.34s
[82/135] customer_lifetime_value__F-DUPKEY__C__r2                               caught=True  layer=L2   pre_exec=False recon=0/0 2.15s
[83/135] customer_lifetime_value__F-DUPKEY__C__r3                               caught=True  layer=L2   pre_exec=False recon=0/0 2.2s
[84/135] product_margin_monthly__F-DUPKEY__C__r1                                caught=True  layer=L2   pre_exec=False recon=0/0 2.11s
[85/135] product_margin_monthly__F-DUPKEY__C__r2                                caught=True  layer=L2   pre_exec=False recon=0/0 2.15s
[86/135] product_margin_monthly__F-DUPKEY__C__r3                                caught=True  layer=L2   pre_exec=False recon=0/0 2.07s
[87/135] new_vs_returning_customers_monthly__F-DUPKEY__C__r1                    caught=True  layer=L2   pre_exec=False recon=0/0 2.36s
[88/135] new_vs_returning_customers_monthly__F-DUPKEY__C__r2                    caught=True  layer=L2   pre_exec=False recon=0/0 2.37s
[89/135] new_vs_returning_customers_monthly__F-DUPKEY__C__r3                    caught=True  layer=L2   pre_exec=False recon=0/0 2.47s
[90/135] new_vs_returning_customers_monthly__CONTROL__C__r3                     caught=False layer=none pre_exec=False recon=37/37 137.0s
[91/135] monthly_active_customers__F-FANOUT__C__r1                              caught=True  layer=L3   pre_exec=False recon=40/40 99.62s
[92/135] monthly_active_customers__F-FANOUT__C__r3                              caught=True  layer=L3   pre_exec=False recon=30/30 106.1s
[93/135] monthly_active_customers__F-FANOUT__C__r2                              caught=True  layer=L3   pre_exec=False recon=36/36 129.59s
[94/135] customer_lifetime_value__F-FANOUT__C__r1                               caught=True  layer=L3   pre_exec=False recon=33/33 149.93s
[95/135] customer_lifetime_value__F-FANOUT__C__r3                               caught=True  layer=L3   pre_exec=False recon=32/32 129.3s
[96/135] customer_lifetime_value__F-FANOUT__C__r2                               caught=True  layer=L3   pre_exec=False recon=36/36 173.78s
[97/135] product_margin_monthly__F-FANOUT__C__r2                                caught=True  layer=L3   pre_exec=False recon=40/40 58.22s
[98/135] product_margin_monthly__F-FANOUT__C__r1                                caught=True  layer=L3   pre_exec=False recon=38/38 150.01s
[99/135] product_margin_monthly__F-FANOUT__C__r3                                caught=True  layer=L3   pre_exec=False recon=39/39 98.48s
[100/135] monthly_revenue_by_location__F-FILTER__C__r3                           caught=True  layer=L3   pre_exec=False recon=40/40 61.19s
[101/135] monthly_revenue_by_location__F-FILTER__C__r1                           caught=True  layer=L3   pre_exec=False recon=35/35 102.36s
[102/135] monthly_revenue_by_location__F-FILTER__C__r2                           caught=True  layer=L3   pre_exec=False recon=36/36 118.42s
[103/135] monthly_active_customers__F-FILTER__C__r3                              caught=True  layer=L3   pre_exec=False recon=38/38 61.63s
[104/135] monthly_active_customers__F-FILTER__C__r2                              caught=True  layer=L3   pre_exec=False recon=32/32 99.9s
[105/135] monthly_active_customers__F-FILTER__C__r1                              caught=True  layer=L3   pre_exec=False recon=38/38 149.6s
[106/135] customer_lifetime_value__F-FILTER__C__r1                               caught=True  layer=L3   pre_exec=False recon=32/32 102.79s
[107/135] new_vs_returning_customers_monthly__F-FILTER__C__r1                    caught=True  layer=L3   pre_exec=False recon=39/40 62.87s
[108/135] customer_lifetime_value__F-FILTER__C__r3                               caught=True  layer=L3   pre_exec=False recon=37/37 114.78s
[109/135] new_vs_returning_customers_monthly__F-FILTER__C__r2                    caught=True  layer=L3   pre_exec=False recon=40/40 65.09s
[110/135] customer_lifetime_value__F-FILTER__C__r2                               caught=True  layer=L3   pre_exec=False recon=35/35 130.95s
[111/135] new_vs_returning_customers_monthly__F-FILTER__C__r3                    caught=True  layer=L3   pre_exec=False recon=40/40 60.37s
[112/135] daily_order_counts__F-TZ__C__r1                                        caught=True  layer=L3   pre_exec=False recon=40/40 59.51s
[113/135] daily_order_counts__F-TZ__C__r2                                        caught=True  layer=L3   pre_exec=False recon=34/34 102.02s
[114/135] daily_order_counts__F-TZ__C__r3                                        caught=True  layer=L3   pre_exec=False recon=40/40 106.77s
[115/135] monthly_revenue_by_location__F-TZ__C__r1                               caught=True  layer=L3   pre_exec=False recon=32/32 79.82s
[116/135] monthly_revenue_by_location__F-TZ__C__r2                               caught=True  layer=L3   pre_exec=False recon=38/38 108.56s
[117/135] daily_order_counts__F-NULL__C__r1                                      caught=True  layer=L3   pre_exec=False recon=40/40 61.72s
[118/135] monthly_revenue_by_location__F-TZ__C__r3                               caught=True  layer=L3   pre_exec=False recon=34/34 97.17s
[119/135] daily_order_counts__F-NULL__C__r2                                      caught=True  layer=L3   pre_exec=False recon=38/40 74.41s
[120/135] daily_order_counts__F-NULL__C__r3                                      caught=True  layer=L3   pre_exec=False recon=40/40 66.2s
[121/135] customer_lifetime_value__F-NULL__C__r3                                 caught=True  layer=L3   pre_exec=False recon=40/40 61.65s
[122/135] customer_lifetime_value__F-NULL__C__r1                                 caught=True  layer=L3   pre_exec=False recon=31/31 107.48s
[123/135] customer_lifetime_value__F-NULL__C__r2                                 caught=True  layer=L3   pre_exec=False recon=29/29 105.06s
[124/135] monthly_revenue_by_location__F-SHARED-DEF__C__r1                       caught=False layer=none pre_exec=False recon=39/39 117.33s
[125/135] monthly_revenue_by_location__F-SHARED-DEF__C__r2                       caught=False layer=none pre_exec=False recon=38/38 133.08s
[126/135] monthly_revenue_by_location__F-SHARED-DEF__C__r3                       caught=False layer=none pre_exec=False recon=33/33 118.82s
[127/135] customer_lifetime_value__F-SHARED-DEF__C__r1                           caught=False layer=none pre_exec=False recon=31/31 111.0s
[128/135] customer_lifetime_value__F-SHARED-DEF__C__r2                           caught=False layer=none pre_exec=False recon=34/34 129.2s
[129/135] monthly_revenue_by_location__F-OFFSET__C__r2                           caught=True  layer=L3   pre_exec=False recon=30/30 108.58s
[130/135] monthly_revenue_by_location__F-OFFSET__C__r1                           caught=True  layer=L3   pre_exec=False recon=38/38 120.9s
[131/135] customer_lifetime_value__F-SHARED-DEF__C__r3                           caught=False layer=none pre_exec=False recon=30/30 132.81s
[132/135] monthly_revenue_by_location__F-OFFSET__C__r3                           caught=True  layer=L3   pre_exec=False recon=37/37 118.7s
[133/135] product_margin_monthly__F-OFFSET__C__r3                                caught=True  layer=L3   pre_exec=False recon=38/38 95.49s
[134/135] product_margin_monthly__F-OFFSET__C__r2                                caught=True  layer=L3   pre_exec=False recon=40/40 117.46s
[135/135] product_margin_monthly__F-OFFSET__C__r1                                caught=True  layer=L3   pre_exec=False recon=40/40 135.81s
finished in 1726s; 1 failed runs
  FAILED new_vs_returning_customers_monthly__CONTROL__C__r2 ValueError: could not convert string to float: '2024-09-01'
runs=224 flags=2339 adjudication rows=8 (unlabeled 8); config hashes in results: ['e6ec2ffdc948'] (current e6ec2ffdc948)
